// Jest Snapshot v1, https://goo.gl/fbAQLP

exports[`Components > PageLoader should match snapshot 1`] = `
<main
  className="root"
  style={
    Object {
      "opacity": 0,
    }
  }
>
  <svg
    className="root loader"
    viewBox="0 0 50 50"
  >
    <circle
      className="path"
      cx="25"
      cy="25"
      fill="none"
      r="20"
      strokeWidth="5"
    />
  </svg>
</main>
`;
