// Jest Snapshot v1, https://goo.gl/fbAQLP

exports[`Components > Back should match snapshot 1`] = `
<a
  className="root"
  href="/"
  onClick={[Function]}
>
  <svg
    aria-hidden="true"
    className="icon"
    fill="none"
    stroke="currentColor"
    strokeWidth={1.5}
    viewBox="0 0 24 24"
    xmlns="http://www.w3.org/2000/svg"
  >
    <path
      d="M10.5 19.5L3 12m0 0l7.5-7.5M3 12h18"
      strokeLinecap="round"
      strokeLinejoin="round"
    />
  </svg>
  <span
    className="label"
  >
    Retour
  </span>
</a>
`;
