// Jest Snapshot v1, https://goo.gl/fbAQLP

exports[`Avatar should mount first 1`] = `
<div>
  <div
    class="overflow-hidden rounded-full h-[32px] w-[32px]"
  >
    <img
      alt="test"
      data-nimg="1"
      decoding="async"
      height="32"
      loading="lazy"
      src="https://d33wubrfki0l68.cloudfront.net/0834d0215db51e91525a25acf97433051f280f2f/c30f5/img/redux.svg"
      style="color: transparent;"
      width="32"
    />
  </div>
</div>
`;
